[15692:15696:0818/003538.812:WARNING:chrome\browser\process_singleton_win.cc:420] Lock file exists but is writable.
[15692:15696:0818/003538.859:WARNING:ui\display\win\screen_win.cc:1008] No displays detected. Waiting for next update.
[15692:15696:0818/003538.899:WARNING:chrome\browser\signin\account_consistency_mode_manager.cc:74] Desktop Identity Consistency cannot be enabled as no OAuth client ID and client secret have been configured.
[15692:15696:0818/003538.923:WARNING:ui\display\win\screen_win.cc:1008] No displays detected. Waiting for next update.
[15692:15696:0818/003538.932:WARNING:ui\display\win\screen_win.cc:1238] Unable to find a primary display. Fallback to fake display:Display[0] bounds=[0,0 1920x1080], workarea=[0,0 1920x1080], scale=1, rotation=0, panel_rotation=0 external not-detected
[15692:15696:0818/003538.932:WARNING:ui\display\win\screen_win.cc:1238] Unable to find a primary display. Fallback to fake display:Display[0] bounds=[0,0 1920x1080], workarea=[0,0 1920x1080], scale=1, rotation=0, panel_rotation=0 external not-detected
[15692:15696:0818/003538.933:WARNING:ui\display\win\screen_win.cc:1238] Unable to find a primary display. Fallback to fake display:Display[0] bounds=[0,0 1920x1080], workarea=[0,0 1920x1080], scale=1, rotation=0, panel_rotation=0 external not-detected
[15692:15696:0818/003538.933:WARNING:ui\display\win\screen_win.cc:1238] Unable to find a primary display. Fallback to fake display:Display[0] bounds=[0,0 1920x1080], workarea=[0,0 1920x1080], scale=1, rotation=0, panel_rotation=0 external not-detected
[15692:15696:0818/003538.933:WARNING:ui\display\win\screen_win.cc:1008] No displays detected. Waiting for next update.
[15692:15696:0818/003538.933:WARNING:ui\display\win\screen_win.cc:1238] Unable to find a primary display. Fallback to fake display:Display[0] bounds=[0,0 1920x1080], workarea=[0,0 1920x1080], scale=1, rotation=0, panel_rotation=0 external not-detected
[15692:15696:0818/003538.934:WARNING:ui\display\win\screen_win.cc:1238] Unable to find a primary display. Fallback to fake display:Display[0] bounds=[0,0 1920x1080], workarea=[0,0 1920x1080], scale=1, rotation=0, panel_rotation=0 external not-detected
[15692:15696:0818/003538.934:WARNING:ui\display\win\screen_win.cc:1238] Unable to find a primary display. Fallback to fake display:Display[0] bounds=[0,0 1920x1080], workarea=[0,0 1920x1080], scale=1, rotation=0, panel_rotation=0 external not-detected
[15692:15696:0818/003538.934:WARNING:ui\display\win\screen_win.cc:1238] Unable to find a primary display. Fallback to fake display:Display[0] bounds=[0,0 1920x1080], workarea=[0,0 1920x1080], scale=1, rotation=0, panel_rotation=0 external not-detected
[15692:15696:0818/003538.934:WARNING:ui\display\win\screen_win.cc:1238] Unable to find a primary display. Fallback to fake display:Display[0] bounds=[0,0 1920x1080], workarea=[0,0 1920x1080], scale=1, rotation=0, panel_rotation=0 external not-detected
[15692:15696:0818/003539.095:WARNING:ui\display\win\screen_win.cc:1238] Unable to find a primary display. Fallback to fake display:Display[0] bounds=[0,0 1920x1080], workarea=[0,0 1920x1080], scale=1, rotation=0, panel_rotation=0 external not-detected
[15692:15696:0818/003539.096:WARNING:ui\display\win\screen_win.cc:1238] Unable to find a primary display. Fallback to fake display:Display[0] bounds=[0,0 1920x1080], workarea=[0,0 1920x1080], scale=1, rotation=0, panel_rotation=0 external not-detected
[15692:15696:0818/003539.096:WARNING:ui\display\win\screen_win.cc:1238] Unable to find a primary display. Fallback to fake display:Display[0] bounds=[0,0 1920x1080], workarea=[0,0 1920x1080], scale=1, rotation=0, panel_rotation=0 external not-detected
[15692:15696:0818/003539.096:WARNING:ui\display\win\screen_win.cc:1238] Unable to find a primary display. Fallback to fake display:Display[0] bounds=[0,0 1920x1080], workarea=[0,0 1920x1080], scale=1, rotation=0, panel_rotation=0 external not-detected
[15692:15696:0818/003539.096:WARNING:ui\display\win\screen_win.cc:1238] Unable to find a primary display. Fallback to fake display:Display[0] bounds=[0,0 1920x1080], workarea=[0,0 1920x1080], scale=1, rotation=0, panel_rotation=0 external not-detected
[15692:15696:0818/003539.096:WARNING:ui\display\win\screen_win.cc:1238] Unable to find a primary display. Fallback to fake display:Display[0] bounds=[0,0 1920x1080], workarea=[0,0 1920x1080], scale=1, rotation=0, panel_rotation=0 external not-detected
[15692:15696:0818/003539.096:WARNING:ui\display\win\screen_win.cc:1238] Unable to find a primary display. Fallback to fake display:Display[0] bounds=[0,0 1920x1080], workarea=[0,0 1920x1080], scale=1, rotation=0, panel_rotation=0 external not-detected
[15692:15696:0818/003539.096:WARNING:ui\display\win\screen_win.cc:1238] Unable to find a primary display. Fallback to fake display:Display[0] bounds=[0,0 1920x1080], workarea=[0,0 1920x1080], scale=1, rotation=0, panel_rotation=0 external not-detected
[15692:15696:0818/003539.101:WARNING:ui\display\win\screen_win.cc:1238] Unable to find a primary display. Fallback to fake display:Display[0] bounds=[0,0 1920x1080], workarea=[0,0 1920x1080], scale=1, rotation=0, panel_rotation=0 external not-detected
[15692:15696:0818/003539.101:WARNING:ui\display\win\screen_win.cc:1238] Unable to find a primary display. Fallback to fake display:Display[0] bounds=[0,0 1920x1080], workarea=[0,0 1920x1080], scale=1, rotation=0, panel_rotation=0 external not-detected
[15692:15696:0818/003539.101:WARNING:ui\display\win\screen_win.cc:1238] Unable to find a primary display. Fallback to fake display:Display[0] bounds=[0,0 1920x1080], workarea=[0,0 1920x1080], scale=1, rotation=0, panel_rotation=0 external not-detected
[15692:15696:0818/003539.101:WARNING:ui\display\win\screen_win.cc:1238] Unable to find a primary display. Fallback to fake display:Display[0] bounds=[0,0 1920x1080], workarea=[0,0 1920x1080], scale=1, rotation=0, panel_rotation=0 external not-detected
[15692:15696:0818/003539.102:WARNING:ui\display\win\screen_win.cc:1238] Unable to find a primary display. Fallback to fake display:Display[0] bounds=[0,0 1920x1080], workarea=[0,0 1920x1080], scale=1, rotation=0, panel_rotation=0 external not-detected
[15692:15696:0818/003539.102:WARNING:ui\display\win\screen_win.cc:1238] Unable to find a primary display. Fallback to fake display:Display[0] bounds=[0,0 1920x1080], workarea=[0,0 1920x1080], scale=1, rotation=0, panel_rotation=0 external not-detected
[15692:15696:0818/003539.102:WARNING:ui\display\win\screen_win.cc:1238] Unable to find a primary display. Fallback to fake display:Display[0] bounds=[0,0 1920x1080], workarea=[0,0 1920x1080], scale=1, rotation=0, panel_rotation=0 external not-detected
[15692:15696:0818/003539.102:WARNING:ui\display\win\screen_win.cc:1238] Unable to find a primary display. Fallback to fake display:Display[0] bounds=[0,0 1920x1080], workarea=[0,0 1920x1080], scale=1, rotation=0, panel_rotation=0 external not-detected
[15692:15696:0818/003539.102:WARNING:ui\display\win\screen_win.cc:1238] Unable to find a primary display. Fallback to fake display:Display[0] bounds=[0,0 1920x1080], workarea=[0,0 1920x1080], scale=1, rotation=0, panel_rotation=0 external not-detected
[15692:15696:0818/003539.102:WARNING:ui\display\win\screen_win.cc:1238] Unable to find a primary display. Fallback to fake display:Display[0] bounds=[0,0 1920x1080], workarea=[0,0 1920x1080], scale=1, rotation=0, panel_rotation=0 external not-detected
[15692:15696:0818/003539.102:WARNING:ui\display\win\screen_win.cc:1238] Unable to find a primary display. Fallback to fake display:Display[0] bounds=[0,0 1920x1080], workarea=[0,0 1920x1080], scale=1, rotation=0, panel_rotation=0 external not-detected
[15692:15696:0818/003539.102:WARNING:ui\display\win\screen_win.cc:1238] Unable to find a primary display. Fallback to fake display:Display[0] bounds=[0,0 1920x1080], workarea=[0,0 1920x1080], scale=1, rotation=0, panel_rotation=0 external not-detected
[15692:15696:0818/003539.102:WARNING:ui\display\win\screen_win.cc:1238] Unable to find a primary display. Fallback to fake display:Display[0] bounds=[0,0 1920x1080], workarea=[0,0 1920x1080], scale=1, rotation=0, panel_rotation=0 external not-detected
[15692:15696:0818/003539.103:WARNING:ui\display\win\screen_win.cc:1238] Unable to find a primary display. Fallback to fake display:Display[0] bounds=[0,0 1920x1080], workarea=[0,0 1920x1080], scale=1, rotation=0, panel_rotation=0 external not-detected
[15692:15696:0818/003539.103:WARNING:ui\display\win\screen_win.cc:1238] Unable to find a primary display. Fallback to fake display:Display[0] bounds=[0,0 1920x1080], workarea=[0,0 1920x1080], scale=1, rotation=0, panel_rotation=0 external not-detected
[15692:15696:0818/003539.103:WARNING:ui\display\win\screen_win.cc:1238] Unable to find a primary display. Fallback to fake display:Display[0] bounds=[0,0 1920x1080], workarea=[0,0 1920x1080], scale=1, rotation=0, panel_rotation=0 external not-detected
[15692:15696:0818/003539.115:WARNING:ui\display\win\screen_win.cc:1238] Unable to find a primary display. Fallback to fake display:Display[0] bounds=[0,0 1920x1080], workarea=[0,0 1920x1080], scale=1, rotation=0, panel_rotation=0 external not-detected
[15692:15696:0818/003539.124:WARNING:ui\display\win\screen_win.cc:1238] Unable to find a primary display. Fallback to fake display:Display[0] bounds=[0,0 1920x1080], workarea=[0,0 1920x1080], scale=1, rotation=0, panel_rotation=0 external not-detected
[15692:15696:0818/003539.125:WARNING:ui\display\win\screen_win.cc:1238] Unable to find a primary display. Fallback to fake display:Display[0] bounds=[0,0 1920x1080], workarea=[0,0 1920x1080], scale=1, rotation=0, panel_rotation=0 external not-detected
[15692:15696:0818/003539.125:WARNING:ui\display\win\screen_win.cc:1238] Unable to find a primary display. Fallback to fake display:Display[0] bounds=[0,0 1920x1080], workarea=[0,0 1920x1080], scale=1, rotation=0, panel_rotation=0 external not-detected
[15692:15696:0818/003539.126:WARNING:ui\display\win\screen_win.cc:1238] Unable to find a primary display. Fallback to fake display:Display[0] bounds=[0,0 1920x1080], workarea=[0,0 1920x1080], scale=1, rotation=0, panel_rotation=0 external not-detected
[15692:15696:0818/003539.127:WARNING:ui\display\win\screen_win.cc:1238] Unable to find a primary display. Fallback to fake display:Display[0] bounds=[0,0 1920x1080], workarea=[0,0 1920x1080], scale=1, rotation=0, panel_rotation=0 external not-detected
[15692:15696:0818/003539.128:WARNING:ui\display\win\screen_win.cc:1238] Unable to find a primary display. Fallback to fake display:Display[0] bounds=[0,0 1920x1080], workarea=[0,0 1920x1080], scale=1, rotation=0, panel_rotation=0 external not-detected
[15692:15696:0818/003539.128:WARNING:ui\display\win\screen_win.cc:1238] Unable to find a primary display. Fallback to fake display:Display[0] bounds=[0,0 1920x1080], workarea=[0,0 1920x1080], scale=1, rotation=0, panel_rotation=0 external not-detected
[15692:15696:0818/003539.129:WARNING:ui\display\win\screen_win.cc:1238] Unable to find a primary display. Fallback to fake display:Display[0] bounds=[0,0 1920x1080], workarea=[0,0 1920x1080], scale=1, rotation=0, panel_rotation=0 external not-detected
[15692:15696:0818/003539.133:WARNING:ui\display\win\screen_win.cc:1238] Unable to find a primary display. Fallback to fake display:Display[0] bounds=[0,0 1920x1080], workarea=[0,0 1920x1080], scale=1, rotation=0, panel_rotation=0 external not-detected
[15692:15696:0818/003539.137:WARNING:ui\display\win\screen_win.cc:1238] Unable to find a primary display. Fallback to fake display:Display[0] bounds=[0,0 1920x1080], workarea=[0,0 1920x1080], scale=1, rotation=0, panel_rotation=0 external not-detected
[15692:15696:0818/003539.137:WARNING:ui\display\win\screen_win.cc:1238] Unable to find a primary display. Fallback to fake display:Display[0] bounds=[0,0 1920x1080], workarea=[0,0 1920x1080], scale=1, rotation=0, panel_rotation=0 external not-detected
[15692:15696:0818/003539.137:WARNING:ui\display\win\screen_win.cc:1238] Unable to find a primary display. Fallback to fake display:Display[0] bounds=[0,0 1920x1080], workarea=[0,0 1920x1080], scale=1, rotation=0, panel_rotation=0 external not-detected
[15692:15696:0818/003539.138:WARNING:ui\display\win\screen_win.cc:1238] Unable to find a primary display. Fallback to fake display:Display[0] bounds=[0,0 1920x1080], workarea=[0,0 1920x1080], scale=1, rotation=0, panel_rotation=0 external not-detected
[15692:15696:0818/003539.153:WARNING:ui\display\win\screen_win.cc:1238] Unable to find a primary display. Fallback to fake display:Display[0] bounds=[0,0 1920x1080], workarea=[0,0 1920x1080], scale=1, rotation=0, panel_rotation=0 external not-detected
[15692:15696:0818/003539.175:WARNING:ui\display\win\screen_win.cc:1238] Unable to find a primary display. Fallback to fake display:Display[0] bounds=[0,0 1920x1080], workarea=[0,0 1920x1080], scale=1, rotation=0, panel_rotation=0 external not-detected
[15692:15696:0818/003539.180:WARNING:ui\display\win\screen_win.cc:1238] Unable to find a primary display. Fallback to fake display:Display[0] bounds=[0,0 1920x1080], workarea=[0,0 1920x1080], scale=1, rotation=0, panel_rotation=0 external not-detected
[15692:15696:0818/003539.180:WARNING:ui\display\win\screen_win.cc:1238] Unable to find a primary display. Fallback to fake display:Display[0] bounds=[0,0 1920x1080], workarea=[0,0 1920x1080], scale=1, rotation=0, panel_rotation=0 external not-detected
[15692:15696:0818/003539.180:WARNING:ui\display\win\screen_win.cc:1238] Unable to find a primary display. Fallback to fake display:Display[0] bounds=[0,0 1920x1080], workarea=[0,0 1920x1080], scale=1, rotation=0, panel_rotation=0 external not-detected
[15692:15696:0818/003539.180:WARNING:ui\display\win\screen_win.cc:1238] Unable to find a primary display. Fallback to fake display:Display[0] bounds=[0,0 1920x1080], workarea=[0,0 1920x1080], scale=1, rotation=0, panel_rotation=0 external not-detected
[15692:15696:0818/003539.181:WARNING:ui\display\win\screen_win.cc:1238] Unable to find a primary display. Fallback to fake display:Display[0] bounds=[0,0 1920x1080], workarea=[0,0 1920x1080], scale=1, rotation=0, panel_rotation=0 external not-detected
[11684:17060:0818/003539.181:WARNING:content\child\runtime_features.cc:619] AttributionReporting cannot be enabled in this configuration. Use --enable-features=ConversionMeasurement in addition.
[9316:18020:0818/003539.181:WARNING:content\child\runtime_features.cc:619] AttributionReporting cannot be enabled in this configuration. Use --enable-features=ConversionMeasurement in addition.
[15692:15696:0818/003539.181:WARNING:ui\display\win\screen_win.cc:1238] Unable to find a primary display. Fallback to fake display:Display[0] bounds=[0,0 1920x1080], workarea=[0,0 1920x1080], scale=1, rotation=0, panel_rotation=0 external not-detected
[15692:15696:0818/003539.182:WARNING:ui\display\win\screen_win.cc:1238] Unable to find a primary display. Fallback to fake display:Display[0] bounds=[0,0 1920x1080], workarea=[0,0 1920x1080], scale=1, rotation=0, panel_rotation=0 external not-detected
[15692:15696:0818/003539.182:WARNING:ui\display\win\screen_win.cc:1238] Unable to find a primary display. Fallback to fake display:Display[0] bounds=[0,0 1920x1080], workarea=[0,0 1920x1080], scale=1, rotation=0, panel_rotation=0 external not-detected
[15692:15696:0818/003539.183:WARNING:ui\display\win\screen_win.cc:1238] Unable to find a primary display. Fallback to fake display:Display[0] bounds=[0,0 1920x1080], workarea=[0,0 1920x1080], scale=1, rotation=0, panel_rotation=0 external not-detected
[15692:15696:0818/003539.183:WARNING:ui\display\win\screen_win.cc:1238] Unable to find a primary display. Fallback to fake display:Display[0] bounds=[0,0 1920x1080], workarea=[0,0 1920x1080], scale=1, rotation=0, panel_rotation=0 external not-detected
[15692:15696:0818/003539.184:WARNING:ui\display\win\screen_win.cc:1238] Unable to find a primary display. Fallback to fake display:Display[0] bounds=[0,0 1920x1080], workarea=[0,0 1920x1080], scale=1, rotation=0, panel_rotation=0 external not-detected
[15692:15696:0818/003539.184:WARNING:ui\display\win\screen_win.cc:1238] Unable to find a primary display. Fallback to fake display:Display[0] bounds=[0,0 1920x1080], workarea=[0,0 1920x1080], scale=1, rotation=0, panel_rotation=0 external not-detected
[15692:15696:0818/003539.184:WARNING:ui\display\win\screen_win.cc:1238] Unable to find a primary display. Fallback to fake display:Display[0] bounds=[0,0 1920x1080], workarea=[0,0 1920x1080], scale=1, rotation=0, panel_rotation=0 external not-detected
[15692:15696:0818/003539.185:WARNING:ui\display\win\screen_win.cc:1238] Unable to find a primary display. Fallback to fake display:Display[0] bounds=[0,0 1920x1080], workarea=[0,0 1920x1080], scale=1, rotation=0, panel_rotation=0 external not-detected
[15692:15696:0818/003539.185:WARNING:ui\display\win\screen_win.cc:1238] Unable to find a primary display. Fallback to fake display:Display[0] bounds=[0,0 1920x1080], workarea=[0,0 1920x1080], scale=1, rotation=0, panel_rotation=0 external not-detected
[15692:15696:0818/003539.185:WARNING:ui\display\win\screen_win.cc:1238] Unable to find a primary display. Fallback to fake display:Display[0] bounds=[0,0 1920x1080], workarea=[0,0 1920x1080], scale=1, rotation=0, panel_rotation=0 external not-detected
[15692:15696:0818/003539.186:WARNING:ui\display\win\screen_win.cc:1238] Unable to find a primary display. Fallback to fake display:Display[0] bounds=[0,0 1920x1080], workarea=[0,0 1920x1080], scale=1, rotation=0, panel_rotation=0 external not-detected
[15692:15696:0818/003539.186:WARNING:ui\display\win\screen_win.cc:1238] Unable to find a primary display. Fallback to fake display:Display[0] bounds=[0,0 1920x1080], workarea=[0,0 1920x1080], scale=1, rotation=0, panel_rotation=0 external not-detected
[15692:15696:0818/003539.186:WARNING:ui\display\win\screen_win.cc:1238] Unable to find a primary display. Fallback to fake display:Display[0] bounds=[0,0 1920x1080], workarea=[0,0 1920x1080], scale=1, rotation=0, panel_rotation=0 external not-detected
[15692:15696:0818/003539.186:WARNING:ui\display\win\screen_win.cc:1238] Unable to find a primary display. Fallback to fake display:Display[0] bounds=[0,0 1920x1080], workarea=[0,0 1920x1080], scale=1, rotation=0, panel_rotation=0 external not-detected
[15692:15696:0818/003539.187:WARNING:ui\display\win\screen_win.cc:1238] Unable to find a primary display. Fallback to fake display:Display[0] bounds=[0,0 1920x1080], workarea=[0,0 1920x1080], scale=1, rotation=0, panel_rotation=0 external not-detected
[15692:15696:0818/003539.188:WARNING:ui\display\win\screen_win.cc:1238] Unable to find a primary display. Fallback to fake display:Display[0] bounds=[0,0 1920x1080], workarea=[0,0 1920x1080], scale=1, rotation=0, panel_rotation=0 external not-detected
[15692:15696:0818/003539.188:WARNING:ui\display\win\screen_win.cc:1238] Unable to find a primary display. Fallback to fake display:Display[0] bounds=[0,0 1920x1080], workarea=[0,0 1920x1080], scale=1, rotation=0, panel_rotation=0 external not-detected
[15692:15696:0818/003539.188:WARNING:ui\display\win\screen_win.cc:1238] Unable to find a primary display. Fallback to fake display:Display[0] bounds=[0,0 1920x1080], workarea=[0,0 1920x1080], scale=1, rotation=0, panel_rotation=0 external not-detected
[15692:15696:0818/003539.188:WARNING:ui\display\win\screen_win.cc:1238] Unable to find a primary display. Fallback to fake display:Display[0] bounds=[0,0 1920x1080], workarea=[0,0 1920x1080], scale=1, rotation=0, panel_rotation=0 external not-detected
[15692:15696:0818/003539.189:WARNING:ui\display\win\screen_win.cc:1238] Unable to find a primary display. Fallback to fake display:Display[0] bounds=[0,0 1920x1080], workarea=[0,0 1920x1080], scale=1, rotation=0, panel_rotation=0 external not-detected
[15692:15696:0818/003539.189:WARNING:ui\display\win\screen_win.cc:1238] Unable to find a primary display. Fallback to fake display:Display[0] bounds=[0,0 1920x1080], workarea=[0,0 1920x1080], scale=1, rotation=0, panel_rotation=0 external not-detected
[15692:15696:0818/003539.189:WARNING:ui\display\win\screen_win.cc:1238] Unable to find a primary display. Fallback to fake display:Display[0] bounds=[0,0 1920x1080], workarea=[0,0 1920x1080], scale=1, rotation=0, panel_rotation=0 external not-detected
[15692:15696:0818/003539.190:WARNING:ui\display\win\screen_win.cc:1238] Unable to find a primary display. Fallback to fake display:Display[0] bounds=[0,0 1920x1080], workarea=[0,0 1920x1080], scale=1, rotation=0, panel_rotation=0 external not-detected
[15692:15696:0818/003539.190:WARNING:ui\display\win\screen_win.cc:1238] Unable to find a primary display. Fallback to fake display:Display[0] bounds=[0,0 1920x1080], workarea=[0,0 1920x1080], scale=1, rotation=0, panel_rotation=0 external not-detected
[15692:15696:0818/003539.190:WARNING:ui\display\win\screen_win.cc:1238] Unable to find a primary display. Fallback to fake display:Display[0] bounds=[0,0 1920x1080], workarea=[0,0 1920x1080], scale=1, rotation=0, panel_rotation=0 external not-detected
[15692:15696:0818/003539.190:WARNING:ui\display\win\screen_win.cc:1238] Unable to find a primary display. Fallback to fake display:Display[0] bounds=[0,0 1920x1080], workarea=[0,0 1920x1080], scale=1, rotation=0, panel_rotation=0 external not-detected
[15692:15696:0818/003539.191:WARNING:ui\display\win\screen_win.cc:1238] Unable to find a primary display. Fallback to fake display:Display[0] bounds=[0,0 1920x1080], workarea=[0,0 1920x1080], scale=1, rotation=0, panel_rotation=0 external not-detected
[15692:15696:0818/003539.191:WARNING:ui\display\win\screen_win.cc:1238] Unable to find a primary display. Fallback to fake display:Display[0] bounds=[0,0 1920x1080], workarea=[0,0 1920x1080], scale=1, rotation=0, panel_rotation=0 external not-detected
[15692:15696:0818/003539.192:WARNING:ui\display\win\screen_win.cc:1238] Unable to find a primary display. Fallback to fake display:Display[0] bounds=[0,0 1920x1080], workarea=[0,0 1920x1080], scale=1, rotation=0, panel_rotation=0 external not-detected
[15692:15696:0818/003539.192:WARNING:ui\display\win\screen_win.cc:1238] Unable to find a primary display. Fallback to fake display:Display[0] bounds=[0,0 1920x1080], workarea=[0,0 1920x1080], scale=1, rotation=0, panel_rotation=0 external not-detected
[15692:15696:0818/003539.193:WARNING:ui\display\win\screen_win.cc:1238] Unable to find a primary display. Fallback to fake display:Display[0] bounds=[0,0 1920x1080], workarea=[0,0 1920x1080], scale=1, rotation=0, panel_rotation=0 external not-detected
[15692:15696:0818/003539.194:WARNING:ui\display\win\screen_win.cc:1238] Unable to find a primary display. Fallback to fake display:Display[0] bounds=[0,0 1920x1080], workarea=[0,0 1920x1080], scale=1, rotation=0, panel_rotation=0 external not-detected
[15692:15696:0818/003539.199:WARNING:ui\display\win\screen_win.cc:1238] Unable to find a primary display. Fallback to fake display:Display[0] bounds=[0,0 1920x1080], workarea=[0,0 1920x1080], scale=1, rotation=0, panel_rotation=0 external not-detected
[15692:15696:0818/003539.199:WARNING:ui\display\win\screen_win.cc:1238] Unable to find a primary display. Fallback to fake display:Display[0] bounds=[0,0 1920x1080], workarea=[0,0 1920x1080], scale=1, rotation=0, panel_rotation=0 external not-detected
[15692:15696:0818/003539.199:WARNING:ui\display\win\screen_win.cc:1238] Unable to find a primary display. Fallback to fake display:Display[0] bounds=[0,0 1920x1080], workarea=[0,0 1920x1080], scale=1, rotation=0, panel_rotation=0 external not-detected
[15692:15696:0818/003539.199:WARNING:ui\display\win\screen_win.cc:1238] Unable to find a primary display. Fallback to fake display:Display[0] bounds=[0,0 1920x1080], workarea=[0,0 1920x1080], scale=1, rotation=0, panel_rotation=0 external not-detected
[15692:15696:0818/003539.199:WARNING:ui\display\win\screen_win.cc:1238] Unable to find a primary display. Fallback to fake display:Display[0] bounds=[0,0 1920x1080], workarea=[0,0 1920x1080], scale=1, rotation=0, panel_rotation=0 external not-detected
[15692:15696:0818/003539.200:WARNING:ui\display\win\screen_win.cc:1238] Unable to find a primary display. Fallback to fake display:Display[0] bounds=[0,0 1920x1080], workarea=[0,0 1920x1080], scale=1, rotation=0, panel_rotation=0 external not-detected
[15692:15696:0818/003539.200:WARNING:ui\display\win\screen_win.cc:1238] Unable to find a primary display. Fallback to fake display:Display[0] bounds=[0,0 1920x1080], workarea=[0,0 1920x1080], scale=1, rotation=0, panel_rotation=0 external not-detected
[15692:15696:0818/003539.200:WARNING:ui\display\win\screen_win.cc:1238] Unable to find a primary display. Fallback to fake display:Display[0] bounds=[0,0 1920x1080], workarea=[0,0 1920x1080], scale=1, rotation=0, panel_rotation=0 external not-detected
[15692:15696:0818/003539.200:WARNING:ui\display\win\screen_win.cc:1238] Unable to find a primary display. Fallback to fake display:Display[0] bounds=[0,0 1920x1080], workarea=[0,0 1920x1080], scale=1, rotation=0, panel_rotation=0 external not-detected
[15692:15696:0818/003539.200:WARNING:ui\display\win\screen_win.cc:1238] Unable to find a primary display. Fallback to fake display:Display[0] bounds=[0,0 1920x1080], workarea=[0,0 1920x1080], scale=1, rotation=0, panel_rotation=0 external not-detected
[15692:15696:0818/003539.200:WARNING:ui\display\win\screen_win.cc:1238] Unable to find a primary display. Fallback to fake display:Display[0] bounds=[0,0 1920x1080], workarea=[0,0 1920x1080], scale=1, rotation=0, panel_rotation=0 external not-detected
[15692:15696:0818/003539.200:WARNING:ui\display\win\screen_win.cc:1238] Unable to find a primary display. Fallback to fake display:Display[0] bounds=[0,0 1920x1080], workarea=[0,0 1920x1080], scale=1, rotation=0, panel_rotation=0 external not-detected
[15692:15696:0818/003539.200:WARNING:ui\display\win\screen_win.cc:1238] Unable to find a primary display. Fallback to fake display:Display[0] bounds=[0,0 1920x1080], workarea=[0,0 1920x1080], scale=1, rotation=0, panel_rotation=0 external not-detected
[15692:15696:0818/003539.201:WARNING:ui\display\win\screen_win.cc:1238] Unable to find a primary display. Fallback to fake display:Display[0] bounds=[0,0 1920x1080], workarea=[0,0 1920x1080], scale=1, rotation=0, panel_rotation=0 external not-detected
[15692:15696:0818/003539.201:WARNING:ui\display\win\screen_win.cc:1238] Unable to find a primary display. Fallback to fake display:Display[0] bounds=[0,0 1920x1080], workarea=[0,0 1920x1080], scale=1, rotation=0, panel_rotation=0 external not-detected
[15692:15696:0818/003539.201:WARNING:ui\display\win\screen_win.cc:1238] Unable to find a primary display. Fallback to fake display:Display[0] bounds=[0,0 1920x1080], workarea=[0,0 1920x1080], scale=1, rotation=0, panel_rotation=0 external not-detected
[15692:15696:0818/003539.201:WARNING:ui\display\win\screen_win.cc:1238] Unable to find a primary display. Fallback to fake display:Display[0] bounds=[0,0 1920x1080], workarea=[0,0 1920x1080], scale=1, rotation=0, panel_rotation=0 external not-detected
[15692:15696:0818/003539.201:WARNING:ui\display\win\screen_win.cc:1238] Unable to find a primary display. Fallback to fake display:Display[0] bounds=[0,0 1920x1080], workarea=[0,0 1920x1080], scale=1, rotation=0, panel_rotation=0 external not-detected
[15692:15696:0818/003539.201:WARNING:ui\display\win\screen_win.cc:1238] Unable to find a primary display. Fallback to fake display:Display[0] bounds=[0,0 1920x1080], workarea=[0,0 1920x1080], scale=1, rotation=0, panel_rotation=0 external not-detected
[15692:15696:0818/003539.201:WARNING:ui\display\win\screen_win.cc:1238] Unable to find a primary display. Fallback to fake display:Display[0] bounds=[0,0 1920x1080], workarea=[0,0 1920x1080], scale=1, rotation=0, panel_rotation=0 external not-detected
[15692:15696:0818/003539.206:WARNING:ui\display\win\screen_win.cc:1238] Unable to find a primary display. Fallback to fake display:Display[0] bounds=[0,0 1920x1080], workarea=[0,0 1920x1080], scale=1, rotation=0, panel_rotation=0 external not-detected
[15692:15696:0818/003539.206:WARNING:ui\display\win\screen_win.cc:1238] Unable to find a primary display. Fallback to fake display:Display[0] bounds=[0,0 1920x1080], workarea=[0,0 1920x1080], scale=1, rotation=0, panel_rotation=0 external not-detected
[15692:15696:0818/003539.206:WARNING:ui\display\win\screen_win.cc:1238] Unable to find a primary display. Fallback to fake display:Display[0] bounds=[0,0 1920x1080], workarea=[0,0 1920x1080], scale=1, rotation=0, panel_rotation=0 external not-detected
[15692:15696:0818/003539.206:WARNING:ui\display\win\screen_win.cc:1238] Unable to find a primary display. Fallback to fake display:Display[0] bounds=[0,0 1920x1080], workarea=[0,0 1920x1080], scale=1, rotation=0, panel_rotation=0 external not-detected
[15692:15696:0818/003539.207:WARNING:ui\display\win\screen_win.cc:1238] Unable to find a primary display. Fallback to fake display:Display[0] bounds=[0,0 1920x1080], workarea=[0,0 1920x1080], scale=1, rotation=0, panel_rotation=0 external not-detected
[15692:15696:0818/003539.208:WARNING:ui\display\win\screen_win.cc:1238] Unable to find a primary display. Fallback to fake display:Display[0] bounds=[0,0 1920x1080], workarea=[0,0 1920x1080], scale=1, rotation=0, panel_rotation=0 external not-detected
[15692:15696:0818/003539.208:WARNING:ui\display\win\screen_win.cc:1238] Unable to find a primary display. Fallback to fake display:Display[0] bounds=[0,0 1920x1080], workarea=[0,0 1920x1080], scale=1, rotation=0, panel_rotation=0 external not-detected
[15692:15696:0818/003539.208:WARNING:ui\display\win\screen_win.cc:1238] Unable to find a primary display. Fallback to fake display:Display[0] bounds=[0,0 1920x1080], workarea=[0,0 1920x1080], scale=1, rotation=0, panel_rotation=0 external not-detected
[15692:15696:0818/003539.208:WARNING:ui\display\win\screen_win.cc:1238] Unable to find a primary display. Fallback to fake display:Display[0] bounds=[0,0 1920x1080], workarea=[0,0 1920x1080], scale=1, rotation=0, panel_rotation=0 external not-detected
[15692:15696:0818/003539.209:WARNING:ui\display\win\screen_win.cc:1238] Unable to find a primary display. Fallback to fake display:Display[0] bounds=[0,0 1920x1080], workarea=[0,0 1920x1080], scale=1, rotation=0, panel_rotation=0 external not-detected
[15692:15696:0818/003539.209:WARNING:ui\display\win\screen_win.cc:1238] Unable to find a primary display. Fallback to fake display:Display[0] bounds=[0,0 1920x1080], workarea=[0,0 1920x1080], scale=1, rotation=0, panel_rotation=0 external not-detected
[15692:15696:0818/003539.210:WARNING:ui\display\win\screen_win.cc:1238] Unable to find a primary display. Fallback to fake display:Display[0] bounds=[0,0 1920x1080], workarea=[0,0 1920x1080], scale=1, rotation=0, panel_rotation=0 external not-detected
[15692:15696:0818/003539.210:WARNING:ui\display\win\screen_win.cc:1238] Unable to find a primary display. Fallback to fake display:Display[0] bounds=[0,0 1920x1080], workarea=[0,0 1920x1080], scale=1, rotation=0, panel_rotation=0 external not-detected
[15692:15696:0818/003539.210:WARNING:ui\display\win\screen_win.cc:1238] Unable to find a primary display. Fallback to fake display:Display[0] bounds=[0,0 1920x1080], workarea=[0,0 1920x1080], scale=1, rotation=0, panel_rotation=0 external not-detected
[15692:15696:0818/003539.210:WARNING:ui\display\win\screen_win.cc:1238] Unable to find a primary display. Fallback to fake display:Display[0] bounds=[0,0 1920x1080], workarea=[0,0 1920x1080], scale=1, rotation=0, panel_rotation=0 external not-detected
[15692:15696:0818/003539.211:WARNING:ui\display\win\screen_win.cc:1238] Unable to find a primary display. Fallback to fake display:Display[0] bounds=[0,0 1920x1080], workarea=[0,0 1920x1080], scale=1, rotation=0, panel_rotation=0 external not-detected
[15692:15696:0818/003539.211:WARNING:ui\display\win\screen_win.cc:1238] Unable to find a primary display. Fallback to fake display:Display[0] bounds=[0,0 1920x1080], workarea=[0,0 1920x1080], scale=1, rotation=0, panel_rotation=0 external not-detected
[15692:15696:0818/003539.211:WARNING:ui\display\win\screen_win.cc:1238] Unable to find a primary display. Fallback to fake display:Display[0] bounds=[0,0 1920x1080], workarea=[0,0 1920x1080], scale=1, rotation=0, panel_rotation=0 external not-detected
[15692:15696:0818/003539.211:WARNING:ui\display\win\screen_win.cc:1238] Unable to find a primary display. Fallback to fake display:Display[0] bounds=[0,0 1920x1080], workarea=[0,0 1920x1080], scale=1, rotation=0, panel_rotation=0 external not-detected
[15692:15696:0818/003539.211:WARNING:ui\display\win\screen_win.cc:1238] Unable to find a primary display. Fallback to fake display:Display[0] bounds=[0,0 1920x1080], workarea=[0,0 1920x1080], scale=1, rotation=0, panel_rotation=0 external not-detected
[15692:15696:0818/003539.211:WARNING:ui\display\win\screen_win.cc:1238] Unable to find a primary display. Fallback to fake display:Display[0] bounds=[0,0 1920x1080], workarea=[0,0 1920x1080], scale=1, rotation=0, panel_rotation=0 external not-detected
[15692:15696:0818/003539.212:WARNING:ui\display\win\screen_win.cc:1238] Unable to find a primary display. Fallback to fake display:Display[0] bounds=[0,0 1920x1080], workarea=[0,0 1920x1080], scale=1, rotation=0, panel_rotation=0 external not-detected
[15692:15696:0818/003539.213:WARNING:ui\display\win\screen_win.cc:1238] Unable to find a primary display. Fallback to fake display:Display[0] bounds=[0,0 1920x1080], workarea=[0,0 1920x1080], scale=1, rotation=0, panel_rotation=0 external not-detected
[15692:15696:0818/003539.213:WARNING:ui\display\win\screen_win.cc:1238] Unable to find a primary display. Fallback to fake display:Display[0] bounds=[0,0 1920x1080], workarea=[0,0 1920x1080], scale=1, rotation=0, panel_rotation=0 external not-detected
[15692:15696:0818/003539.213:WARNING:ui\display\win\screen_win.cc:1238] Unable to find a primary display. Fallback to fake display:Display[0] bounds=[0,0 1920x1080], workarea=[0,0 1920x1080], scale=1, rotation=0, panel_rotation=0 external not-detected
[15692:15696:0818/003539.215:WARNING:ui\display\win\screen_win.cc:1238] Unable to find a primary display. Fallback to fake display:Display[0] bounds=[0,0 1920x1080], workarea=[0,0 1920x1080], scale=1, rotation=0, panel_rotation=0 external not-detected
[15692:15696:0818/003539.215:WARNING:ui\display\win\screen_win.cc:1238] Unable to find a primary display. Fallback to fake display:Display[0] bounds=[0,0 1920x1080], workarea=[0,0 1920x1080], scale=1, rotation=0, panel_rotation=0 external not-detected
[15692:15696:0818/003539.216:WARNING:ui\display\win\screen_win.cc:1238] Unable to find a primary display. Fallback to fake display:Display[0] bounds=[0,0 1920x1080], workarea=[0,0 1920x1080], scale=1, rotation=0, panel_rotation=0 external not-detected
[15692:15696:0818/003539.216:WARNING:ui\display\win\screen_win.cc:1238] Unable to find a primary display. Fallback to fake display:Display[0] bounds=[0,0 1920x1080], workarea=[0,0 1920x1080], scale=1, rotation=0, panel_rotation=0 external not-detected
[15692:15696:0818/003539.216:WARNING:ui\display\win\screen_win.cc:1238] Unable to find a primary display. Fallback to fake display:Display[0] bounds=[0,0 1920x1080], workarea=[0,0 1920x1080], scale=1, rotation=0, panel_rotation=0 external not-detected
[15692:15696:0818/003539.216:WARNING:ui\display\win\screen_win.cc:1238] Unable to find a primary display. Fallback to fake display:Display[0] bounds=[0,0 1920x1080], workarea=[0,0 1920x1080], scale=1, rotation=0, panel_rotation=0 external not-detected
[15692:15696:0818/003539.216:WARNING:ui\display\win\screen_win.cc:1238] Unable to find a primary display. Fallback to fake display:Display[0] bounds=[0,0 1920x1080], workarea=[0,0 1920x1080], scale=1, rotation=0, panel_rotation=0 external not-detected
[15692:15696:0818/003539.216:WARNING:ui\display\win\screen_win.cc:1238] Unable to find a primary display. Fallback to fake display:Display[0] bounds=[0,0 1920x1080], workarea=[0,0 1920x1080], scale=1, rotation=0, panel_rotation=0 external not-detected
[15692:15696:0818/003539.216:WARNING:ui\display\win\screen_win.cc:1238] Unable to find a primary display. Fallback to fake display:Display[0] bounds=[0,0 1920x1080], workarea=[0,0 1920x1080], scale=1, rotation=0, panel_rotation=0 external not-detected
[15692:15696:0818/003539.216:WARNING:ui\display\win\screen_win.cc:1238] Unable to find a primary display. Fallback to fake display:Display[0] bounds=[0,0 1920x1080], workarea=[0,0 1920x1080], scale=1, rotation=0, panel_rotation=0 external not-detected
[15692:15696:0818/003539.216:WARNING:ui\display\win\screen_win.cc:1238] Unable to find a primary display. Fallback to fake display:Display[0] bounds=[0,0 1920x1080], workarea=[0,0 1920x1080], scale=1, rotation=0, panel_rotation=0 external not-detected
[21580:22580:0818/003539.230:ERROR:net\disk_cache\blockfile\backend_impl.cc:1020] Critical error found -8
[21580:22580:0818/003539.230:WARNING:net\disk_cache\blockfile\storage_block-inl.h:143] Failed data load.
[21580:22580:0818/003539.230:WARNING:net\disk_cache\blockfile\storage_block-inl.h:143] Failed data load.
[21580:22580:0818/003539.230:WARNING:net\disk_cache\blockfile\storage_block-inl.h:143] Failed data load.
[21580:22580:0818/003539.230:ERROR:net\disk_cache\blockfile\entry_impl.cc:1072] No file for c103001e
[21580:22580:0818/003539.230:WARNING:net\disk_cache\blockfile\storage_block-inl.h:143] Failed data load.
[11684:17060:0818/003540.036:WARNING:cef\libcef\common\task_impl.cc:20] No task runner for threadId 0
[11684:17060:0818/003540.157:WARNING:cef\libcef\common\task_impl.cc:20] No task runner for threadId 0
[11684:17060:0818/003540.158:WARNING:cef\libcef\common\task_impl.cc:20] No task runner for threadId 0
[11684:17060:0818/003540.158:WARNING:cef\libcef\common\task_impl.cc:20] No task runner for threadId 0
[11684:17060:0818/003540.158:WARNING:cef\libcef\common\task_impl.cc:20] No task runner for threadId 0
[11684:17060:0818/003540.159:WARNING:cef\libcef\common\task_impl.cc:20] No task runner for threadId 0
[11684:17060:0818/003540.159:WARNING:cef\libcef\common\task_impl.cc:20] No task runner for threadId 0
[11684:17060:0818/003540.159:WARNING:cef\libcef\common\task_impl.cc:20] No task runner for threadId 0
[11684:17060:0818/003540.159:WARNING:cef\libcef\common\task_impl.cc:20] No task runner for threadId 0
[11684:17060:0818/003540.160:WARNING:cef\libcef\common\task_impl.cc:20] No task runner for threadId 0
[11684:17060:0818/003540.160:WARNING:cef\libcef\common\task_impl.cc:20] No task runner for threadId 0
[11684:17060:0818/003540.169:WARNING:cef\libcef\common\task_impl.cc:20] No task runner for threadId 0
[11684:17060:0818/003540.170:WARNING:cef\libcef\common\task_impl.cc:20] No task runner for threadId 0
[11684:17060:0818/003540.205:WARNING:cef\libcef\common\task_impl.cc:20] No task runner for threadId 0
[11684:17060:0818/003540.248:WARNING:cef\libcef\common\task_impl.cc:20] No task runner for threadId 0
[11684:17060:0818/003540.254:WARNING:cef\libcef\common\task_impl.cc:20] No task runner for threadId 0
[11684:17060:0818/003540.255:WARNING:cef\libcef\common\task_impl.cc:20] No task runner for threadId 0
[11684:17060:0818/003540.378:WARNING:cef\libcef\common\task_impl.cc:20] No task runner for threadId 0
[21580:21848:0818/003540.383:ERROR:net\socket\ssl_client_socket_impl.cc:924] handshake failed; returned -1, SSL error code 1, net_error -200
[11684:17060:0818/003540.452:WARNING:cef\libcef\common\task_impl.cc:20] No task runner for threadId 0
[15692:15696:0818/003540.495:INFO:CONSOLE:1] "Possibly unhandled rejection: {"data":"<!DOCTYPE html PUBLIC \"-//W3C//DTD XHTML 1.0 Strict//EN\" \"http://www.w3.org/TR/xhtml1/DTD/xhtml1-strict.dtd\">\r\n<html xmlns=\"http://www.w3.org/1999/xhtml\">\r\n<head>\r\n<meta http-equiv=\"Content-Type\" content=\"text/html; charset=iso-8859-1\"/>\r\n<title>404 - File or directory not found.</title>\r\n<style type=\"text/css\">\r\n<!--\r\nbody{margin:0;font-size:.7em;font-family:Verdana, Arial, Helvetica, sans-serif;background:#EEEEEE;}\r\nfieldset{padding:0 15px 10px 15px;} \r\nh1{font-size:2.4em;margin:0;color:#FFF;}\r\nh2{font-size:1.7em;margin:0;color:#CC0000;} \r\nh3{font-size:1.2em;margin:10px 0 0 0;color:#000000;} \r\n#header{width:96%;margin:0 0 0 0;padding:6px 2% 6px 2%;font-family:\"trebuchet MS\", Verdana, sans-serif;color:#FFF;\r\nbackground-color:#555555;}\r\n#content{margin:0 0 0 2%;position:relative;}\r\n.content-container{background:#FFF;width:96%;margin-top:8px;padding:10px;position:relative;}\r\n-->\r\n</style>\r\n</head>\r\n<body>\r\n<div id=\"header\"><h1>Server Error</h1></div>\r\n<div id=\"content\">\r\n <div class=\"content-container\"><fieldset>\r\n  <h2>404 - File or directory not found.</h2>\r\n  <h3>The resource you are looking for might have been removed, had its name changed, or is temporarily unavailable.</h3>\r\n </fieldset></div>\r\n</div>\r\n</body>\r\n</html>\r\n","status":404,"config":{"method":"GET","transformRequest":[null],"transformResponse":[null],"jsonpCallbackParam":"callback","timeout":6000,"url":"http://www.wallpaperengineapi.com/api/motd/v1","headers":{"Accept":"application/json, text/plain, */*"}},"statusText":"Not Found","xhrStatus":"complete"}", source: http://wpx.internal/scripts/vendor.js (1)
[11684:17060:0818/003542.051:WARNING:cef\libcef\common\task_impl.cc:20] No task runner for threadId 0
[11684:17060:0818/003542.053:WARNING:cef\libcef\common\task_impl.cc:20] No task runner for threadId 0
