openjdk version "21.0.11" 2026-04-21 LTS
OpenJDK Runtime Environment Temurin-21.0.11+10 (build 21.0.11+10-LTS)
OpenJDK 64-Bit Server VM Temurin-21.0.11+10 (build 21.0.11+10-LTS, mixed mode)
INFO  Using log config file: jar:file:/ghidra/Ghidra/Framework/Generic/lib/Generic.jar!/generic.log4j.xml (LoggingInitialization)  
INFO  Using log file: /root/.config/ghidra/ghidra_12.1.3_PUBLIC/application.log (LoggingInitialization)  
INFO  Loading user preferences: /root/.config/ghidra/ghidra_12.1.3_PUBLIC/preferences (Preferences)  
INFO  Searching for classes... (ClassSearcher)  
INFO  Class search complete (340 ms) (ClassSearcher)  
INFO  Initializing SSL Context (DefaultSSLContextInitializer)  
INFO  Initializing Random Number Generator... (SecureRandomFactory)  
INFO  Random Number Generator initialization complete: NativePRNGNonBlocking (SecureRandomFactory)  
INFO  Trust manager disabled, cacerts have not been set (DefaultTrustManagerFactory)  
INFO  Starting cache cleanup: /var/tmp/root-ghidra/fscache2 (FileCacheMaintenanceDaemon)  
INFO  Finished cache cleanup, estimated storage used: 0 (FileCacheMaintenanceDaemon)  
INFO  Headless startup complete (1105 ms) (AnalyzeHeadless)  
INFO  Class searcher loaded 59 extension points (20 false positives) (ClassSearcher)  
INFO  HEADLESS Script Paths:
    /ghidra/Ghidra/Features/Decompiler/ghidra_scripts
    /ghidra/Ghidra/Features/Base/ghidra_scripts
    /ghidra/Ghidra/Features/BytePatterns/ghidra_scripts
    /ghidra/Ghidra/Features/DecompilerDependent/ghidra_scripts
    /ghidra/Ghidra/Debug/Debugger-rmi-trace/ghidra_scripts
    /ghidra/Ghidra/Features/PyGhidra/ghidra_scripts
    /ghidra/Ghidra/Processors/8051/ghidra_scripts
    /ghidra/Ghidra/Features/BSim/ghidra_scripts
    /ghidra/Ghidra/Debug/Debugger/ghidra_scripts
    /ghidra/Ghidra/Features/FileFormats/ghidra_scripts
    /ghidra/Ghidra/Processors/PIC/ghidra_scripts
    /ghidra/Ghidra/Features/SystemEmulation/ghidra_scripts
    /ghidra/Ghidra/Features/WildcardAssembler/ghidra_scripts
    /ghidra/Ghidra/Processors/DATA/ghidra_scripts
    /ghidra/Ghidra/Features/VersionTracking/ghidra_scripts
    /ghidra/Ghidra/Features/PDB/ghidra_scripts
    /ghidra/Ghidra/Processors/Atmel/ghidra_scripts
    /ghidra/Ghidra/Features/FunctionID/ghidra_scripts
    /ghidra/Ghidra/Processors/JVM/ghidra_scripts
    /ghidra/Ghidra/Features/GnuDemangler/ghidra_scripts
    /ghidra/Ghidra/Features/MicrosoftCodeAnalyzer/ghidra_scripts
    /ghidra/Ghidra/Features/SwiftDemangler/ghidra_scripts
    /work/scripts (HeadlessAnalyzer)  
INFO  HEADLESS: execution starts (HeadlessAnalyzer)  
INFO  Opening existing project: /work/ghidra_proj/we_analysis (HeadlessAnalyzer)  
INFO  Opening project: /work/ghidra_proj/we_analysis (HeadlessProject)  
INFO  REPORT: Processing project file: /scenescript64.dll (HeadlessAnalyzer)  
INFO  REPORT: Execute script: DumpSceneScriptTargets.java  (HeadlessAnalyzer)  
INFO  SCRIPT: /work/scripts/DumpSceneScriptTargets.java (HeadlessAnalyzer)  
INFO  DumpSceneScriptTargets.java> DumpSceneScriptTargets done -> /work/analysis/scenescript (GhidraScript)  
INFO  REPORT: Save succeeded for processed file: /scenescript64.dll (HeadlessAnalyzer)  
EXIT=0
