[+] d3d11 @ 0x63a40000 (x86)
[*] Fast scan for d3d11 COM objects...
[*] wallpaper32.exe @ 0xb50000 size=0x421000
[*] 5 RW ranges in wallpaper32.exe
[*] Total candidate COM objects: 1927

[candidate] obj@0x944278 vt@0x63a41000
  slots: 0:0x2b8d0 1:0x2b4c0 2:0x30d30 3:0x4f730 4:0x4cce0 5:0x31770 6:0x2b530 7:0x31a90 8:0x8eb10 9:0x99110 10:0x8da30 11:0x31800
  -> LIKELY ID3D11Device (all slots in d3d11.dll)

[candidate] obj@0x944298 vt@0x63a48088
  slots: 0:0x8c0d0 1:0xad940 2:0x77470 3:0xd6270 4:0xd62b0 5:0x728e0 6:0x6d980 7:0x9ba60 8:0x9bed0 9:0x9ba60 10:0xd1250 11:0xd1250

[candidate] obj@0x94429c vt@0x63a480d0
  slots: 0:0x8fef0 1:0x27010 2:0x74050 3:0x92d70 4:0x75ff0 5:0xd3960 6:0xd4f50 7:0x9b170 8:0xf6000 9:0x8fd10 10:0xd2470 11:0xc87c0

[candidate] obj@0x9442ac vt@0x63a44b4c
  slots: 0:0xd2460 1:0xc87b0 2:0xd2a70 3:0xaf790 4:0xafb50 5:0x8fef0 6:0x27010 7:0x35e90 8:0x92d70 9:0x75ff0 10:0xd4260 11:0xd59d0

[candidate] obj@0x9442f0 vt@0x63a480f8
  slots: 0:0xd2470 1:0xc87c0 2:0xd2a80 3:0xcae80 4:0xf60b0 5:0xf6090 6:0x171d4 7:0xEXT 8:0xEXT 9:0x172b0 10:0xEXT 11:0xEXT

[candidate] obj@0x9c95b0 vt@0x63a44b04
  slots: 0:0x37190 1:0xad940 2:0x96000 3:0xd6270 4:0xd62b0 5:0x72940 6:0x6eda0 7:0x9ba60 8:0x93ac0 9:0x9ba60 10:0x95680 11:0x8f710

[candidate] obj@0x9c95b4 vt@0x63a44bc8
  slots: 0:0x8fef0 1:0x27010 2:0x74050 3:0x92d70 4:0x75ff0 5:0xd4410 6:0xd5b80 7:0xd2470 8:0xc87c0 9:0xd2ae0 10:0xcf3c0 11:0xcf750

[candidate] obj@0x9f21f8 vt@0x63a451d0
  slots: 0:0x2c170 1:0xad940 2:0x31fc0 3:0xbf0e0 4:0xbf1c0 5:0x8a620 6:0x8a560 7:0xbf150 8:0x3eb80 9:0x818a0 10:0x87ad0 11:0x7aa20

[candidate] obj@0x9f21fc vt@0x63a45104
  slots: 0:0x2c340 1:0x2c9c0 2:0x32680 3:0xba940 4:0xbb270 5:0xbeae0 6:0xbec10 7:0xb7f40 8:0x2f940 9:0x3e300 10:0x3f4a0 11:0xeb7e0

[candidate] obj@0x9f2210 vt@0x63a45160
  slots: 0:0xbd320 1:0xb7fb0 2:0xbdba0 3:0xbeb00 4:0xbec30 5:0xbb290 6:0x40220 7:0x99760 8:0x3f5e0 9:0x92d50 10:0xeba10 11:0xeb740

[candidate] obj@0x9f221c vt@0x63a45198
  slots: 0:0xbd330 1:0xb7fc0 2:0xbdbb0 3:0xbeb10 4:0xbec40 5:0xbb2a0 6:0xbb1f0 7:0xba990 8:0x3e3f0 9:0x3e1b0 10:0x3e260 11:0x3fa20

[candidate] obj@0x9f2220 vt@0x63a45138
  slots: 0:0xbd340 1:0xb7fd0 2:0xbdbc0 3:0xbeb20 4:0xbec50 5:0xbb2b0 6:0xbb1d0 7:0xba970 8:0x42360 9:0x407f0 10:0xbd320 11:0xb7fb0

[candidate] obj@0x9f2224 vt@0x63a450e0
  slots: 0:0xbd350 1:0xb7fe0 2:0xbdbd0 3:0xbeb30 4:0xbec60 5:0xbb2c0 6:0xbb1e0 7:0xba980 8:0xeb300 9:0x2c340 10:0x2c9c0 11:0x32680

[candidate] obj@0x9f2260 vt@0x63a46a60
  slots: 0:0x2b590 1:0xad940 2:0x4c3f0 3:0xd6270 4:0xd62b0 5:0x72940 6:0x6eda0 7:0x9ba60 8:0x3f120 9:0x9ba60 10:0x93340 11:0x7ab90

[candidate] obj@0x9f2264 vt@0x63a46d30
  slots: 0:0x8fef0 1:0x27010 2:0x74050 3:0x92d70 4:0x9b6d0 5:0x498c0 6:0xd46e0 7:0x9b9e0 8:0xd2e30 9:0xcf4a0 10:0x95980 11:0x2b8d0

[candidate] obj@0x9f22b8 vt@0x63a46cc4
  slots: 0:0xd2470 1:0xc87c0 2:0xd2a80 3:0x8eaa0 4:0xcf6d0 5:0x942a0 6:0xcfcc0 7:0xa8920 8:0xd5d10 9:0xcf610 10:0x8fca0 11:0x569c0

[candidate] obj@0x9f2334 vt@0x63a46cec
  slots: 0:0x8fca0 1:0x569c0 2:0x4d2b0 3:0x99850 4:0xd24d0 5:0xc8820 6:0xd2af0 7:0xcf420 8:0xcf780 9:0xd3300 10:0xd4700 11:0x9b9e0

[candidate] obj@0x9f2338 vt@0x63a46cfc
  slots: 0:0xd24d0 1:0xc8820 2:0xd2af0 3:0xcf420 4:0xcf780 5:0xd3300 6:0xd4700 7:0x9b9e0 8:0xd2e40 9:0xcf4c0 10:0xead90 11:0xeb080

[candidate] obj@0x9f2460 vt@0x63a46a18
  slots: 0:0x2ba80 1:0xad940 2:0x4bfa0 3:0xd6270 4:0xd62b0 5:0x72940 6:0x6eda0 7:0x9ba60 8:0x3f330 9:0x9ba60 10:0x93340 11:0xd14d0

[candidate] obj@0x9f2464 vt@0x63a46db8
  slots: 0:0x8fef0 1:0x6ede0 2:0x74050 3:0x90b80 4:0x9b6d0 5:0x469a0 6:0x9afc0 7:0x8b4e0 8:0xd2e30 9:0xcf4a0 10:0x2e140 11:0xcf070

[candidate] obj@0x9f2474 vt@0x63a46da4
  slots: 0:0xd2460 1:0xc8850 2:0xd2a70 3:0xaf790 4:0xafb50 5:0x8fef0 6:0x6ede0 7:0x74050 8:0x90b80 9:0x9b6d0 10:0x469a0 11:0x9afc0

[candidate] obj@0x9f24b8 vt@0x63a46de8
  slots: 0:0xd2470 1:0xc8860 2:0xd2a80 3:0x418b0 4:0xcf6d0 5:0x942a0 6:0xcfcc0 7:0xa8920 8:0xd5d10 9:0xcf610 10:0xd24d0 11:0xc8870

[candidate] obj@0x9f2534 vt@0x63a46e44
  slots: 0:0x8fca0 1:0x5a010 2:0x4d3b0 3:0x99850 4:0x8fef0 5:0x27010 6:0x35e90 7:0x92d70 8:0x75ff0 9:0xd4380 10:0xd5af0 11:0x78f20

[candidate] obj@0x9f2538 vt@0x63a46e10
  slots: 0:0xd24d0 1:0xc8870 2:0xd2af0 3:0xcf420 4:0xcf780 5:0xd3360 6:0xd4760 7:0x8b4e0 8:0xd2e40 9:0xcf4c0 10:0x9d9a0 11:0xa6430

[candidate] obj@0x41be318 vt@0x63a48fdc
  slots: 0:0xaf600 1:0xada30 2:0xaf940 3:0x482a0 4:0x2f1a0 5:0xba760 6:0x6d040 7:0x2cc30 8:0xbdfd0 9:0xbaa90 10:0xbc470 11:0xbb9f0

[candidate] obj@0x41befc8 vt@0x63a415fc
  slots: 0:0x1b2780 1:0x1b1b90 2:0x1b07a0 3:0x180700 4:0x180770 5:0x180830 6:0x180800 7:0x1b38d0 8:0x198af0 9:0x1993f0 10:0x199730 11:0x199500

[candidate] obj@0x478a4d8 vt@0x63a48488
  slots: 0:0x2cac0 1:0x296a0 2:0x31c30 3:0x313b0 4:0x31280 5:0xe0ab0 6:0x3c170 7:0xa36d0 8:0xe0a50 9:0x2af10 10:0xe0990 11:0xe09f0

[candidate] obj@0x478a504 vt@0x63a4875c
  slots: 0:0x80af0 1:0xad940 2:0x9a1b0 3:0xaf310 4:0xaf350 5:0xaf390 6:0x9d750 7:0xaf2b0 8:0x511f0 9:0x3c950 10:0x825b0 11:0x82340

[candidate] obj@0x478a50c vt@0x63a490bc
  slots: 0:0x8fbc0 1:0x28ac0 2:0x36130 3:0x62590 4:0xbebb0 5:0x9cfe0 6:0xbb160 7:0x97920 8:0xb9690 9:0xbd4f0 10:0xbe670 11:0xba9a0

[candidate] obj@0x478a510 vt@0x63a490a8
  slots: 0:0xaf5f0 1:0xada20 2:0xaf930 3:0xbc4a0 4:0xbf250 5:0x8fbc0 6:0x28ac0 7:0x36130 8:0x62590 9:0xbebb0 10:0x9cfe0 11:0xbb160

[candidate] obj@0x478a518 vt@0x63a48fc8
  slots: 0:0xaf630 1:0xada60 2:0xaf970 3:0xbe860 4:0xbac70 5:0xaf600 6:0xada30 7:0xaf940 8:0x482a0 9:0x2f1a0 10:0xba760 11:0x6d040

[candidate] obj@0x478a51c vt@0x63a48fb8
  slots: 0:0xaf610 1:0xada40 2:0xaf950 3:0xadb20 4:0xaf630 5:0xada60 6:0xaf970 7:0xbe860 8:0xbac70 9:0xaf600 10:0xada30 11:0xaf940

[candidate] obj@0x478a520 vt@0x63a48ba4
  slots: 0:0xaf620 1:0xada50 2:0xaf960 3:0xb7fa0 4:0x40290 5:0xaed60 6:0xaf610 7:0xada40 8:0xaf950 9:0xadb30 10:0xaf630 11:0xada60

[candidate] obj@0x478a964 vt@0x63a470a4
  slots: 0:0x6be70 1:0xad940 2:0x9e760 3:0xaf2f0 4:0xaf330 5:0xaf370 6:0xaf2d0 7:0x97ec0 8:0x51220 9:0x3d210 10:0x9a5e0 11:0x9a5e0

[candidate] obj@0x478a9a4 vt@0x63a470e8
  slots: 0:0x2ca50 1:0x6eef0 2:0x729f0 3:0xdd1b0 4:0xdd2c0 5:0xdcdf0 6:0xdcfa0 7:0x634b0 8:0x85b40 9:0x85660 10:0x6de00 11:0xde110

[candidate] obj@0x478a9a8 vt@0x63a470d8
  slots: 0:0xaf520 1:0xad950 2:0xaf860 3:0xdc280 4:0x2ca50 5:0x6eef0 6:0x729f0 7:0xdd1b0 8:0xdd2c0 9:0xdcdf0 10:0xdcfa0 11:0x634b0

[candidate] obj@0x478a9ac vt@0x63a4715c
  slots: 0:0xaf530 1:0xad960 2:0xaf870 3:0x800c0 4:0xcaf30 5:0x6d9a0 6:0xcb200 7:0x28990 8:0x961e0 9:0x272d0 10:0x77c80 11:0xca0c0

[candidate] obj@0x478a9bc vt@0x63a47070
  slots: 0:0xaf540 1:0xad970 2:0xaf880 3:0xce280 4:0x667c0 5:0xcadd0 6:0xccf90 7:0xa92d0 8:0xce1c0 9:0xaf580 10:0xad9b0 11:0xaf8c0

[candidate] obj@0x478a9c0 vt@0x63a47494
  slots: 0:0xaf550 1:0xad980 2:0xaf890 3:0xcaf60 4:0xcb170 5:0xcb1d0 6:0xd1940 7:0xd0250 8:0xcff10 9:0xcad20 10:0xaf5e0 11:0xada10

[candidate] obj@0x478a9c4 vt@0x63a47324
  slots: 0:0xaf560 1:0xad990 2:0xaf8a0 3:0xa8e90 4:0x99840 5:0xd2b90 6:0xceac0 7:0xaed70 8:0xd04f0 9:0xce420 10:0xEXT 11:0x13db8

[candidate] obj@0x478a9c8 vt@0x63a47308
  slots: 0:0xaf570 1:0xad9a0 2:0xaf8b0 3:0x32650 4:0x322b0 5:0xd30f0 6:0x317d0 7:0xaf560 8:0xad990 9:0xaf8a0 10:0xa8e90 11:0x99840

[candidate] obj@0x478a9cc vt@0x63a47094
  slots: 0:0xaf580 1:0xad9b0 2:0xaf8c0 3:0xaed20 4:0x6be70 5:0xad940 6:0x9e760 7:0xaf2f0 8:0xaf330 9:0xaf370 10:0xaf2d0 11:0x97ec0

[candidate] obj@0x478a9d0 vt@0x63a47274
  slots: 0:0xaf590 1:0xad9c0 2:0xaf8d0 3:0x2fa10 4:0xaf5a0 5:0xad9d0 6:0xaf8e0 7:0x87260 8:0xa7480 9:0xc9f10 10:0x87060 11:0x2e4c0

[candidate] obj@0x478a9d4 vt@0x63a47284
  slots: 0:0xaf5a0 1:0xad9d0 2:0xaf8e0 3:0x87260 4:0xa7480 5:0xc9f10 6:0x87060 7:0x2e4c0 8:0x2e300 9:0xd1bc0 10:0xd26a0 11:0xcf6b0

[candidate] obj@0x478a9d8 vt@0x63a472f8
  slots: 0:0xaf5b0 1:0xad9e0 2:0xaf8f0 3:0x84e20 4:0xaf570 5:0xad9a0 6:0xaf8b0 7:0x32650 8:0x322b0 9:0xd30f0 10:0x317d0 11:0xaf560

[candidate] obj@0x478a9dc vt@0x63a472e8
  slots: 0:0xaf5c0 1:0xad9f0 2:0xaf900 3:0xdd160 4:0xaf5b0 5:0xad9e0 6:0xaf8f0 7:0x84e20 8:0xaf570 9:0xad9a0 10:0xaf8b0 11:0x32650

[candidate] obj@0x478a9e0 vt@0x63a472d8
  slots: 0:0xaf5d0 1:0xada00 2:0xaf910 3:0xdadb0 4:0xaf5c0 5:0xad9f0 6:0xaf900 7:0xdd160 8:0xaf5b0 9:0xad9e0 10:0xaf8f0 11:0x84e20

[candidate] obj@0x478a9e4 vt@0x63a474bc
  slots: 0:0xaf5e0 1:0xada10 2:0xaf920 3:0xaf790 4:0xafb50 5:0xeace0 6:0x6ee80 7:0x72980 8:0xe8e90 9:0xe66c0 10:0xe6790 11:0xe6420

[candidate] obj@0x478b810 vt@0x63a47d20
  slots: 0:0x7d240 1:0xad940 2:0xa39c0 3:0xd6290 4:0xd62d0 5:0x72900 6:0x6ed60 7:0x9ba60 8:0x949f0 9:0xd0520 10:0xd1250 11:0xd1250

[candidate] obj@0x478b818 vt@0x63a47cd0
  slots: 0:0x8fef0 1:0x27010 2:0x74050 3:0xcf480 4:0x9b6d0 5:0xde520 6:0xde540 7:0xd24b0 8:0xc8800 9:0xd2ac0 10:0x96b30 11:0x97a50

[candidate] obj@0x478b86c vt@0x63a47e58
  slots: 0:0xd2470 1:0xc87c0 2:0xd2a80 3:0x99840 4:0x33640 5:0x2e6a0 6:0x418f0 7:0x41a50 8:0x42bf0 9:0x2e1f0 10:0xce400 11:0xd24c0

[candidate] obj@0x478b870 vt@0x63a47d08
  slots: 0:0xd2480 1:0xc87d0 2:0xd2a90 3:0xd2c20 4:0xd5ca0 5:0xcfbe0 6:0x7d240 7:0xad940 8:0xa39c0 9:0xd6290 10:0xd62d0 11:0x72900

[candidate] obj@0x478b874 vt@0x63a47ea8
  slots: 0:0xd2490 1:0xc87e0 2:0xd2aa0 3:0x322e0 4:0x31dd0 5:0xd3030 6:0x319d0 7:0xEXT 8:0x17528 9:0xEXT 10:0xEXT 11:0xEXT

[candidate] obj@0x478b878 vt@0x63a47b74
  slots: 0:0xd24a0 1:0xc87f0 2:0xd2ab0 3:0xcf460 4:0xcf800 5:0xd44a0 6:0xd5c10 7:0x7bc10 8:0x32710 9:0x7eb60 10:0x85230 11:0x7d5a0

[candidate] obj@0x478b87c vt@0x63a47cec
  slots: 0:0xd24b0 1:0xc8800 2:0xd2ac0 3:0x96b30 4:0x97a50 5:0xd3010 6:0xcfd40 7:0xd2480 8:0xc87d0 9:0xd2a90 10:0xd2c20 11:0xd5ca0

[candidate] obj@0x478b880 vt@0x63a47e84
  slots: 0:0xd24c0 1:0xc8810 2:0xd2ad0 3:0xcf470 4:0xcf770 5:0xd44b0 6:0xd5c20 7:0xed5d0 8:0xed5e0 9:0xd2490 10:0xc87e0 11:0xd2aa0

[candidate] obj@0x47920f8 vt@0x63a43038
  slots: 0:0xcc4c0 1:0x9c860 2:0x9afe0 3:0x9ca90 4:0x9b000 5:0x9ca90 6:0x9afe0 7:0x98280 8:0xcc430 9:0x98280 10:0xcc430 11:0xcc430

[candidate] obj@0x495dadc vt@0x63a44c08
  slots: 0:0x38df0 1:0xad940 2:0x900b0 3:0xd6270 4:0xd62b0 5:0x72940 6:0x6eda0 7:0x9ba60 8:0x95ec0 9:0x9ba60 10:0x99590 11:0x8fb60

[candidate] obj@0x495dae0 vt@0x63a44ae0
  slots: 0:0x8fef0 1:0x27010 2:0x35e90 3:0x92d70 4:0x9b6d0 5:0xd3150 6:0xd4530 7:0x191850 8:0x191790 9:0x37190 10:0xad940 11:0x96000

[candidate] obj@0x495daf0 vt@0x63a449a0
  slots: 0:0xd2460 1:0xc87b0 2:0xd2a60 3:0xaf790 4:0xafb50 5:0x8fef0 6:0x27010 7:0x35e90 8:0x92d70 9:0x9b6d0 10:0xd3120 11:0xd4500

[candidate] obj@0x495db34 vt@0x63a44be4
  slots: 0:0xd2470 1:0xc87c0 2:0xd2ae0 3:0xcf3c0 4:0xcf750 5:0xd3170 6:0xd4550 7:0xe9910 8:0xe98c0 9:0x38df0 10:0xad940 11:0x900b0

[candidate] obj@0x495dbdc vt@0x63a47f10
  slots: 0:0x7e050 1:0xad940 2:0x7e130 3:0xd6270 4:0xd62b0 5:0x728e0 6:0x6d980 7:0x9ba60 8:0x97730 9:0x9ba60 10:0x99590 11:0x90020

[candidate] obj@0x495dbe0 vt@0x63a47f78
  slots: 0:0x8fef0 1:0x27010 2:0x35e90 3:0x92d70 4:0x9b6d0 5:0xd3180 6:0xd4560 7:0x1918b0 8:0x16ee0 9:0xEXT 10:0xEXT 11:0x16ef0

[candidate] obj@0x495dc34 vt@0x63a47f58
  slots: 0:0xd2470 1:0xc87c0 2:0xd2ae0 3:0xcf3c0 4:0xcf750 5:0xd31a0 6:0xd4580 7:0xe98c0 8:0x8fef0 9:0x27010 10:0x35e90 11:0x92d70

[candidate] obj@0x495dcdc vt@0x63a481e8
  slots: 0:0x96be0 1:0xad940 2:0x8f9e0 3:0xd6270 4:0xd62b0 5:0x728e0 6:0x6eda0 7:0x9ba60 8:0x97590 9:0x9ba60 10:0x99590 11:0x93440

[candidate] obj@0x495dce0 vt@0x63a47028
  slots: 0:0x8fef0 1:0x27010 2:0x35e90 3:0x92d70 4:0x9b6d0 5:0xd3240 6:0xd4620 7:0x1b6d10 8:0x1917f0 9:0x191820 10:0xd2470 11:0xc87c0

[candidate] obj@0x495dd34 vt@0x63a47050
  slots: 0:0xd2470 1:0xc87c0 2:0xd2ae0 3:0xcf3c0 4:0xcf750 5:0xd3260 6:0xd4640 7:0xe98c0 8:0xaf540 9:0xad970 10:0xaf880 11:0xce280

[candidate] obj@0x495dddc vt@0x63a46f54
  slots: 0:0x6b310 1:0xad940 2:0x6b020 3:0xd6270 4:0xd62b0 5:0x72940 6:0x6eda0 7:0x9ba60 8:0x956f0 9:0x9ba60 10:0x99590 11:0x8c480

[candidate] obj@0x495dde0 vt@0x63a46fbc
  slots: 0:0x8fef0 1:0x27010 2:0x35e90 3:0x92d70 4:0x9b6f0 5:0xd3270 6:0xd4650 7:0x1918e0 8:0xEXT 9:0x173a4 10:0xEXT 11:0xEXT

[candidate] obj@0x495de34 vt@0x63a46f9c
  slots: 0:0xd2470 1:0xc87c0 2:0xd2ae0 3:0xcf3c0 4:0xcf760 5:0xd3290 6:0xd4670 7:0xe98c0 8:0x8fef0 9:0x27010 10:0x35e90 11:0x92d70

[candidate] obj@0x7b82dbc vt@0x63a46aa8
  slots: 0:0x7cda0 1:0xad940 2:0x4ce80 3:0xd6270 4:0xd62b0 5:0x72940 6:0x6eda0 7:0x9ba60 8:0x3eb40 9:0x9ba60 10:0x93420 11:0x8d480

[candidate] obj@0x7b82dc0 vt@0x63a46c78
  slots: 0:0x8fef0 1:0x27010 2:0x35e90 3:0x92d70 4:0x9b6d0 5:0x7eac0 6:0xd47f0 7:0x78f20 8:0x80ac0 9:0x99560 10:0xd24b0 11:0xc8800

[candidate] obj@0x7b82e24 vt@0x63a46ca0
  slots: 0:0xd24b0 1:0xc8800 2:0xd2b10 3:0xcf390 4:0xcf740 5:0xd33d0 6:0xd4810 7:0xcf850 8:0xe9a60 9:0xd2470 10:0xc87c0 11:0xd2a80

[candidate] obj@0x7b8377c vt@0x63a47a60
  slots: 0:0x7a550 1:0xad940 2:0x93500 3:0xd6270 4:0xd62b0 5:0x728e0 6:0x6d980 7:0x9ba60 8:0x98880 9:0x9ba60 10:0x93420 11:0x7ace0

[candidate] obj@0x7b83780 vt@0x63a47a18
  slots: 0:0x8fef0 1:0x27010 2:0x35e90 3:0x92d70 4:0x9b6d0 5:0x9c820 6:0xd47c0 7:0x78f20 8:0x99560 9:0xd24b0 10:0xc8800 11:0xd2b10

[candidate] obj@0x7b837e4 vt@0x63a47a3c
  slots: 0:0xd24b0 1:0xc8800 2:0xd2b10 3:0xcf390 4:0xcf740 5:0xd33c0 6:0xd47e0 7:0xcf850 8:0xe9a90 9:0x7a550 10:0xad940 11:0x93500

[candidate] obj@0x7cd6808 vt@0x63a48aec
  slots: 0:0xbf630 1:0xbf5f0 2:0x9d8a0 3:0xbf9f0 4:0x90290 5:0x4f770 6:0x4df50 7:0x9a5e0 8:0x94480 9:0x9b820 10:0x99050 11:0x9a5e0

[candidate] obj@0x7cd6a48 vt@0x63a4a950
  slots: 0:0xbf630 1:0xbf5f0 2:0x9d8a0 3:0xbfa20 4:0xbf620 5:0xbf5f0 6:0xb7f10 7:0xa8e90 8:0xc3720 9:0xc3720 10:0xc37a0 11:0xc3a30

[candidate] obj@0x7d22550 vt@0x63a46d5c
  slots: 0:0x2b8d0 1:0x27120 2:0x361c0 3:0x4ee50 4:0x4e6b0 5:0x31770 6:0x2b530 7:0x9bcf0 8:0x8eb10 9:0x99110 10:0x8da30 11:0xe0ad0

[candidate] obj@0x7f18718 vt@0x63a4a960
  slots: 0:0xbf620 1:0xbf5f0 2:0xb7f10 3:0xa8e90 4:0xc3720 5:0xc3720 6:0xc37a0 7:0xc3a30 8:0xc3780 9:0xc39d0 10:0xc3740 11:0xc3740

[candidate] obj@0x13568d88 vt@0x63a42ff0
  slots: 0:0x7c490 1:0xad940 2:0x32160 3:0xbf0e0 4:0xbf1c0 5:0x8a620 6:0x8a560 7:0xbf150 8:0x3ea60 9:0x88ab0 10:0x87ad0 11:0x7aa20

[candidate] obj@0x13568d8c vt@0x63a481a0
  slots: 0:0xbd360 1:0x2c9c0 2:0x32680 3:0xba940 4:0xbb200 5:0xbea70 6:0xbeb40 7:0xbd3b0 8:0xb7fb0 9:0xbdba0 10:0xbead0 11:0xbeba0

[candidate] obj@0x13568da0 vt@0x63a481bc
  slots: 0:0xbd3b0 1:0xb7fb0 2:0xbdba0 3:0xbead0 4:0xbeba0 5:0xbb260 6:0xbb100 7:0x99760 8:0xeb630 9:0xeb840 10:0xebd50 11:0x96be0

[candidate] obj@0x13568dc8 vt@0x63a46b38
  slots: 0:0x799d0 1:0xad940 2:0x320c0 3:0xd6270 4:0xd62b0 5:0x72940 6:0x6eda0 7:0x9ba60 8:0x3f140 9:0x9ba60 10:0x90b60 11:0x7ab30

[candidate] obj@0x13568dcc vt@0x63a46c28
  slots: 0:0x8fef0 1:0x27010 2:0x35e90 3:0x92d70 4:0x9b6d0 5:0x80a20 6:0xd4820 7:0x270a0 8:0x7c430 9:0xee810 10:0xd24b0 11:0xc8800

[candidate] obj@0x13568e30 vt@0x63a46c50
  slots: 0:0xd24b0 1:0xc8800 2:0xd2b10 3:0xcf390 4:0xcf740 5:0xd33e0 6:0xd4840 7:0xcf8d0 8:0xe9ae0 9:0xe98f0 10:0x8fef0 11:0x27010

[candidate] obj@0x135a6974 vt@0x63a44f64
  slots: 0:0x3c550 1:0xad940 2:0xd29e0 3:0xd6270 4:0xd62b0 5:0x728e0 6:0x6d980 7:0x9ba60 8:0x97310 9:0x9ba60 10:0x9cd40 11:0xd1470

[candidate] obj@0x135a6978 vt@0x63a44fac
  slots: 0:0x8fef0 1:0x27010 2:0x74050 3:0x92d70 4:0xcf7a0 5:0xd3210 6:0xd45f0 7:0xd2470 8:0xc87c0 9:0xd2a80 10:0xcf3c0 11:0xcf810

[candidate] obj@0x135a69cc vt@0x63a44fc8
  slots: 0:0xd2470 1:0xc87c0 2:0xd2a80 3:0xcf3c0 4:0xcf810 5:0xd3230 6:0xd4610 7:0xEXT 8:0x174f8 9:0xEXT 10:0xEXT 11:0xEXT

[candidate] obj@0x135ea2b4 vt@0x63a45030
  slots: 0:0x3c610 1:0xad940 2:0x90c50 3:0xd6270 4:0xd62b0 5:0x728e0 6:0x6d980 7:0x9ba60 8:0x97430 9:0x9ba60 10:0x9cd40 11:0xd1540

[candidate] obj@0x135ea2b8 vt@0x63a45078
  slots: 0:0x8fef0 1:0x27010 2:0x74050 3:0x92d70 4:0xcf7a0 5:0xd32a0 6:0xd4680 7:0xEXT 8:0x14738 9:0xEXT 10:0xEXT 11:0xEXT

[candidate] obj@0x135ea30c vt@0x63a44f48
  slots: 0:0xd2470 1:0xc87c0 2:0xd2a80 3:0xcf3c0 4:0xcf810 5:0xd32c0 6:0xd46a0 7:0x3c550 8:0xad940 9:0xd29e0 10:0xd6270 11:0xd62b0

[candidate] obj@0x13647cd4 vt@0x63a66d6e
  slots: 0:0xb4a60 1:0xEXT 2:0xEXT 3:0xEXT 4:0xEXT 5:0xEXT 6:0xEXT 7:0xEXT 8:0xEXT 9:0xEXT 10:0xEXT 11:0xEXT

[candidate] obj@0x136e3e34 vt@0x63a4b450
  slots: 0:0xd2220 1:0xad940 2:0xd29a0 3:0xd6270 4:0xd62b0 5:0x728e0 6:0x6d980 7:0x9ba60 8:0xd0720 9:0x9ba60 10:0x9cd40 11:0xd1400

[candidate] obj@0x136e3e38 vt@0x63a4aaf8
  slots: 0:0x8fef0 1:0x27010 2:0x35e90 3:0x92d70 4:0xcf7a0 5:0xd31b0 6:0xd4590 7:0x8fef0 8:0x27010 9:0x35e90 10:0x92d70 11:0xcf7a0

[candidate] obj@0x136e3e8c vt@0x63a4aadc
  slots: 0:0xd2470 1:0xc87c0 2:0xd2ae0 3:0xcf3c0 4:0xcf810 5:0xd31d0 6:0xd45b0 7:0x8fef0 8:0x27010 9:0x35e90 10:0x92d70 11:0xcf7a0

*** HOOKING REAL DEVICE vtable @ 0x63a41000 ***
[+] hooked CreateBuffer (vt[3] @ 0x63a8f730)
[+] hooked CreateTexture2D (vt[5] @ 0x63a71770)
[+] hooked CreateVertexShader (vt[12] @ 0x63b20af0)
[+] hooked CreatePixelShader (vt[15] @ 0x63a6b460)

[*] Ready. Wallpaper is rendering — capture in progress.
  [tex err] Error: access violation accessing 0xdc9da5ad
  [tex err] Error: access violation accessing 0xdc9da5ad
  [tex err] Error: access violation accessing 0xdc9da375
  [tex err] Error: access violation accessing 0xdc9da379
  [tex err] Error: access violation accessing 0xdc9da89d
  [tex err] Error: access violation accessing 0xdc9da89d
  [tex err] Error: access violation accessing 0xdca9a5fd
  [tex err] Error: access violation accessing 0xdca9a5fd
  [tex err] Error: access violation accessing 0xdca9a385
  [tex err] Error: access violation accessing 0xdca9a389
  [tex err] Error: access violation accessing 0xdca9a8ad
  [tex err] Error: access violation accessing 0xdca9a8ad
  [tex err] Error: access violation accessing 0xdc9da5ad
  [tex err] Error: access violation accessing 0xdc9da5ad
  [tex err] Error: access violation accessing 0xdc9da375
  [tex err] Error: access violation accessing 0xdc9da379
  [tex err] Error: access violation accessing 0xdc9da89d
  [tex err] Error: access violation accessing 0xdc9da89d
  [tex err] Error: access violation accessing 0xdca9a5fd
  [tex err] Error: access violation accessing 0xdca9a5fd
  [tex err] Error: access violation accessing 0xdca9a385
  [tex err] Error: access violation accessing 0xdca9a389
  [tex err] Error: access violation accessing 0xdca9a8ad
  [tex err] Error: access violation accessing 0xdca9a8ad
  [tex err] Error: access violation accessing 0xdc9da5ad
  [tex err] Error: access violation accessing 0xdc9da5ad
  [tex err] Error: access violation accessing 0xdc9da375
  [tex err] Error: access violation accessing 0xdc9da379
  [tex err] Error: access violation accessing 0xdc9da89d
  [tex err] Error: access violation accessing 0xdc9da89d
